Command: /home/pedu02/dongo_work/project/20260731_apb_vip/sim/./simv -l simv.log +UVM_TESTNAME=apb_base_test +UVM_VERBOSITY=UVM_MEDIUM
Chronologic VCS simulator copyright 1991-2024
Contains Synopsys proprietary information.
Compiler version W-2024.09-SP2_Full64; Runtime version W-2024.09-SP2_Full64;  Aug 10 09:02 2026
UVM_INFO /tools/synopsys/vcs/W-2024.09-SP2/etc/uvm-1.2/base/uvm_root.svh(402) @ 0: reporter [UVM/RELNOTES] 
----------------------------------------------------------------
UVM-1.2.Synopsys
(C) 2007-2014 Mentor Graphics Corporation
(C) 2007-2014 Cadence Design Systems, Inc.
(C) 2006-2014 Synopsys, Inc.
(C) 2011-2013 Cypress Semiconductor Corp.
(C) 2013-2014 NVIDIA Corporation
----------------------------------------------------------------

  ***********       IMPORTANT RELEASE NOTES         ************

  You are using a version of the UVM library that has been compiled
  with `UVM_NO_DEPRECATED undefined.
  See http://www.eda.org/svdb/view.php?id=3313 for more details.

  You are using a version of the UVM library that has been compiled
  with `UVM_OBJECT_DO_NOT_NEED_CONSTRUCTOR undefined.
  See http://www.eda.org/svdb/view.php?id=3770 for more details.

      (Specify +UVM_NO_RELNOTES to turn off this notice)

*Verdi* Loading libsscore_vcs202409.so
FSDB Dumper for VCS, Release Verdi_X-2025.06-1, Linux x86_64/64bit, 07/19/2025
(C) 1996 - 2025 by Synopsys, Inc.
*Verdi* : Create FSDB file 'apb_test.fsdb'
*Verdi* : Begin traversing the scope (apb_tb_top), layer (0).
*Verdi* : End of traversing.
UVM_INFO @ 0: reporter [RNTST] Running test apb_base_test...
UVM_INFO /tools/synopsys/vcs/W-2024.09-SP2/etc/uvm-1.2/base/uvm_root.svh(589) @ 0: reporter [UVMTOP] UVM testbench topology:
--------------------------------------------------------------
Name                       Type                    Size  Value
--------------------------------------------------------------
uvm_test_top               apb_base_test           -     @347 
  env                      apb_env                 -     @360 
    COMP_374               apb_master_agent        -     @369 
      COMP_413             apb_master_monitor      -     @408 
      drv                  apb_master_driver       -     @379 
        rsp_port           uvm_analysis_port       -     @398 
        seq_item_port      uvm_seq_item_pull_port  -     @388 
      sqr                  uvm_sequencer           -     @417 
        rsp_export         uvm_analysis_export     -     @426 
        seq_item_export    uvm_seq_item_pull_imp   -     @544 
        arbitration_queue  array                   0     -    
        lock_queue         array                   0     -    
        num_last_reqs      integral                32    'd1  
        num_last_rsps      integral                32    'd1  
--------------------------------------------------------------

UVM_INFO /tools/synopsys/vcs/W-2024.09-SP2/etc/uvm-1.2/base/uvm_objection.svh(1276) @ 0: reporter [TEST_DONE] 'run' phase is ready to proceed to the 'extract' phase
UVM_INFO /tools/synopsys/vcs/W-2024.09-SP2/etc/uvm-1.2/base/uvm_report_catcher.svh(705) @ 0: reporter [UVM/REPORT/CATCHER] 
--- UVM Report catcher Summary ---


Number of demoted UVM_FATAL reports  :    0
Number of demoted UVM_ERROR reports  :    0
Number of demoted UVM_WARNING reports:    0
Number of caught UVM_FATAL reports   :    0
Number of caught UVM_ERROR reports   :    0
Number of caught UVM_WARNING reports :    0

UVM_INFO /tools/synopsys/vcs/W-2024.09-SP2/etc/uvm-1.2/base/uvm_report_server.svh(904) @ 0: reporter [UVM/REPORT/SERVER] 
--- UVM Report Summary ---

** Report counts by severity
UVM_INFO :    5
UVM_WARNING :    0
UVM_ERROR :    0
UVM_FATAL :    0
** Report counts by id
[RNTST]     1
[TEST_DONE]     1
[UVM/RELNOTES]     1
[UVM/REPORT/CATCHER]     1
[UVMTOP]     1

$finish called from file "/tools/synopsys/vcs/W-2024.09-SP2/etc/uvm-1.2/base/uvm_root.svh", line 527.
$finish at simulation time                    0
           V C S   S i m u l a t i o n   R e p o r t 
Time: 0 ps
CPU Time:      0.180 seconds;       Data structure size:   0.6Mb
Mon Aug 10 09:02:49 2026
